[debug] [2025-03-23T01:10:29.475Z] ----------------------------------------------------------------------
[debug] [2025-03-23T01:10:29.477Z] Command:       C:\Program Files\nodejs\node.exe C:\Users\Elevator\AppData\Roaming\npm\node_modules\firebase-tools\lib\bin\firebase.js init
[debug] [2025-03-23T01:10:29.478Z] CLI Version:   13.35.1
[debug] [2025-03-23T01:10:29.478Z] Platform:      win32
[debug] [2025-03-23T01:10:29.478Z] Node Version:  v22.12.0
[debug] [2025-03-23T01:10:29.480Z] Time:          Sun Mar 23 2025 14:10:29 GMT+1300 (New Zealand Daylight Time)
[debug] [2025-03-23T01:10:29.480Z] ----------------------------------------------------------------------
[debug] 
[debug] [2025-03-23T01:10:29.486Z] > command requires scopes: ["email","openid","https://www.googleapis.com/auth/cloudplatformprojects.readonly","https://www.googleapis.com/auth/firebase","https://www.googleapis.com/auth/cloud-platform"]
[debug] [2025-03-23T01:10:29.487Z] > authorizing via signed-in user (jackupton2255@gmail.com)
[info] 
     ######## #### ########  ######## ########     ###     ######  ########
     ##        ##  ##     ## ##       ##     ##  ##   ##  ##       ##
     ######    ##  ########  ######   ########  #########  ######  ######
     ##        ##  ##    ##  ##       ##     ## ##     ##       ## ##
     ##       #### ##     ## ######## ########  ##     ##  ######  ########

You're about to initialize a Firebase project in this directory:

  C:\Users\Elevator\Desktop\jack-upton-design

[info] 
=== Project Setup
[info] 
[info] First, let's associate this project directory with a Firebase project.
[info] You can create multiple project aliases by running firebase use --add, 
[info] but for now we'll just set up a default project.
[info] 
[debug] [2025-03-23T01:10:51.076Z] Checked if tokens are valid: false, expires at: 1739773007326
[debug] [2025-03-23T01:10:51.076Z] Checked if tokens are valid: false, expires at: 1739773007326
[debug] [2025-03-23T01:10:51.077Z] > refreshing access token with scopes: []
[debug] [2025-03-23T01:10:51.079Z] >>> [apiv2][query] POST https://www.googleapis.com/oauth2/v3/token [none]
[debug] [2025-03-23T01:10:51.079Z] >>> [apiv2][body] POST https://www.googleapis.com/oauth2/v3/token [omitted]
[debug] [2025-03-23T01:10:51.514Z] <<< [apiv2][status] POST https://www.googleapis.com/oauth2/v3/token 200
[debug] [2025-03-23T01:10:51.515Z] <<< [apiv2][body] POST https://www.googleapis.com/oauth2/v3/token [omitted]
[debug] [2025-03-23T01:10:51.527Z] >>> [apiv2][query] GET https://firebase.googleapis.com/v1beta1/projects pageSize=100
[debug] [2025-03-23T01:10:52.542Z] <<< [apiv2][status] GET https://firebase.googleapis.com/v1beta1/projects 200
[debug] [2025-03-23T01:10:52.542Z] <<< [apiv2][body] GET https://firebase.googleapis.com/v1beta1/projects [omitted]
[info] i  Using project jackuptondesign (jackuptondesign) 
[info] 
=== Hosting Setup
[debug] [2025-03-23T01:10:54.582Z] Checked if tokens are valid: true, expires at: 1742695850515
[debug] [2025-03-23T01:10:54.582Z] Checked if tokens are valid: true, expires at: 1742695850515
[debug] [2025-03-23T01:10:54.582Z] >>> [apiv2][query] GET https://firebase.googleapis.com/v1beta1/projects/jackuptondesign [none]
[debug] [2025-03-23T01:10:55.190Z] <<< [apiv2][status] GET https://firebase.googleapis.com/v1beta1/projects/jackuptondesign 200
[debug] [2025-03-23T01:10:55.191Z] <<< [apiv2][body] GET https://firebase.googleapis.com/v1beta1/projects/jackuptondesign {"projectId":"jackuptondesign","projectNumber":"1068777268782","displayName":"jackuptondesign","name":"projects/jackuptondesign","resources":{"hostingSite":"jackuptondesign"},"state":"ACTIVE","etag":"1_3944c391-8788-4941-998d-ef467cb63af0"}
[info] 
[info] Your public directory is the folder (relative to your project directory) that
[info] will contain Hosting assets to be uploaded with firebase deploy. If you
[info] have a build process for your assets, use your build's output directory.
[info] 
[debug] [2025-03-23T01:11:55.494Z] >>> [apiv2][query] GET https://www.gstatic.com/firebasejs/releases.json [none]
[debug] [2025-03-23T01:11:55.808Z] <<< [apiv2][status] GET https://www.gstatic.com/firebasejs/releases.json 200
[debug] [2025-03-23T01:11:55.809Z] <<< [apiv2][body] GET https://www.gstatic.com/firebasejs/releases.json {"current":{"version":"11.5.0","browserURL":"https://www.gstatic.com/firebasejs/11.5.0/firebase.js","packageURL":"https://www.gstatic.com/firebasejs/11.5.0/firebase.tgz"},"live":{"version":"11.5","browserURL":"https://www.gstatic.com/firebasejs/live/11.5/firebase.js","packageURL":"https://www.gstatic.com/firebasejs/live/11.5/firebase.tgz"},"components":{"analytics":"https://www.gstatic.com/firebasejs/11.5.0/firebase-analytics.js","app":"https://www.gstatic.com/firebasejs/11.5.0/firebase-app.js","app-check":"https://www.gstatic.com/firebasejs/11.5.0/firebase-app-check.js","auth":"https://www.gstatic.com/firebasejs/11.5.0/firebase-auth.js","auth/cordova":"https://www.gstatic.com/firebasejs/11.5.0/firebase-auth/cordova.js","auth/web-extension":"https://www.gstatic.com/firebasejs/11.5.0/firebase-auth/web-extension.js","functions":"https://www.gstatic.com/firebasejs/11.5.0/firebase-functions.js","firestore":"https://www.gstatic.com/firebasejs/11.5.0/firebase-firestore.js","firestore/lite":"https://www.gstatic.com/firebasejs/11.5.0/firebase-firestore/lite.js","installations":"https://www.gstatic.com/firebasejs/11.5.0/firebase-installations.js","storage":"https://www.gstatic.com/firebasejs/11.5.0/firebase-storage.js","performance":"https://www.gstatic.com/firebasejs/11.5.0/firebase-performance.js","remote-config":"https://www.gstatic.com/firebasejs/11.5.0/firebase-remote-config.js","messaging":"https://www.gstatic.com/firebasejs/11.5.0/firebase-messaging.js","messaging/sw":"https://www.gstatic.com/firebasejs/11.5.0/firebase-messaging/sw.js","database":"https://www.gstatic.com/firebasejs/11.5.0/firebase-database.js","vertexai":"https://www.gstatic.com/firebasejs/11.5.0/firebase-vertexai.js","data-connect":"https://www.gstatic.com/firebasejs/11.5.0/firebase-data-connect.js","firestore.memory":"https://www.gstatic.com/firebasejs/11.5.0/firebase-firestore.memory.js"}}
[info] i  Skipping write of jack-upton-design/public/index.html 
[info] 
[info] i  Detected a .git folder at C:\Users\Elevator\Desktop\jack-upton-design 
[info] i  Authorizing with GitHub to upload your service account to a GitHub repository's secrets store. 
[info] 
[info] Visit this URL on this device to log in:
[info] https://github.com/login/oauth/authorize?client_id=89cf50f02ac6aaed3484&state=174418879&redirect_uri=http%3A%2F%2Flocalhost%3A9005&scope=read%3Auser%20repo%20public_repo
[info] 
[info] Waiting for authentication...
